{
  "errors": [
    {
      "message": "The specified input object field `email` does not exist.",
      "locations": [
        {
          "line": 7,
          "column": 13
        }
      ],
      "path": [
        "registerAttendee"
      ],
      "extensions": {
        "field": "email",
        "specifiedBy": "https://spec.graphql.org/October2021/#sec-Input-Object-Field-Names"
      }
    }
  ]
}
